// Jest Snapshot v1, https://goo.gl/fbAQLP

exports[`Home Page renders loading state 1`] = `
<div>
  <p>
    Loading...
  </p>
</div>
`;
